Archive member included to satisfy reference by file (symbol)

c:/st/stm32cubeide_1.8.0/stm32cubeide/plugins/com.st.stm32cube.ide.mcu.externaltools.gnu-tools-for-stm32.9-2020-q2-update.win32_2.0.0.202105311346/tools/bin/../lib/gcc/arm-none-eabi/9.3.1/../../../../arm-none-eabi/lib/thumb/v7e-m+fp/hard\libc_nano.a(lib_a-exit.o)
                              c:/st/stm32cubeide_1.8.0/stm32cubeide/plugins/com.st.stm32cube.ide.mcu.externaltools.gnu-tools-for-stm32.9-2020-q2-update.win32_2.0.0.202105311346/tools/bin/../lib/gcc/arm-none-eabi/9.3.1/../../../../arm-none-eabi/lib/thumb/v7e-m+fp/hard/crt0.o (exit)
c:/st/stm32cubeide_1.8.0/stm32cubeide/plugins/com.st.stm32cube.ide.mcu.externaltools.gnu-tools-for-stm32.9-2020-q2-update.win32_2.0.0.202105311346/tools/bin/../lib/gcc/arm-none-eabi/9.3.1/../../../../arm-none-eabi/lib/thumb/v7e-m+fp/hard\libc_nano.a(lib_a-impure.o)
                              c:/st/stm32cubeide_1.8.0/stm32cubeide/plugins/com.st.stm32cube.ide.mcu.externaltools.gnu-tools-for-stm32.9-2020-q2-update.win32_2.0.0.202105311346/tools/bin/../lib/gcc/arm-none-eabi/9.3.1/../../../../arm-none-eabi/lib/thumb/v7e-m+fp/hard\libc_nano.a(lib_a-exit.o) (_global_impure_ptr)
c:/st/stm32cubeide_1.8.0/stm32cubeide/plugins/com.st.stm32cube.ide.mcu.externaltools.gnu-tools-for-stm32.9-2020-q2-update.win32_2.0.0.202105311346/tools/bin/../lib/gcc/arm-none-eabi/9.3.1/../../../../arm-none-eabi/lib/thumb/v7e-m+fp/hard\libc_nano.a(lib_a-init.o)
                              c:/st/stm32cubeide_1.8.0/stm32cubeide/plugins/com.st.stm32cube.ide.mcu.externaltools.gnu-tools-for-stm32.9-2020-q2-update.win32_2.0.0.202105311346/tools/bin/../lib/gcc/arm-none-eabi/9.3.1/../../../../arm-none-eabi/lib/thumb/v7e-m+fp/hard/crt0.o (__libc_init_array)
c:/st/stm32cubeide_1.8.0/stm32cubeide/plugins/com.st.stm32cube.ide.mcu.externaltools.gnu-tools-for-stm32.9-2020-q2-update.win32_2.0.0.202105311346/tools/bin/../lib/gcc/arm-none-eabi/9.3.1/../../../../arm-none-eabi/lib/thumb/v7e-m+fp/hard\libc_nano.a(lib_a-memset.o)
                              c:/st/stm32cubeide_1.8.0/stm32cubeide/plugins/com.st.stm32cube.ide.mcu.externaltools.gnu-tools-for-stm32.9-2020-q2-update.win32_2.0.0.202105311346/tools/bin/../lib/gcc/arm-none-eabi/9.3.1/../../../../arm-none-eabi/lib/thumb/v7e-m+fp/hard/crt0.o (memset)
c:/st/stm32cubeide_1.8.0/stm32cubeide/plugins/com.st.stm32cube.ide.mcu.externaltools.gnu-tools-for-stm32.9-2020-q2-update.win32_2.0.0.202105311346/tools/bin/../lib/gcc/arm-none-eabi/9.3.1/../../../../arm-none-eabi/lib/thumb/v7e-m+fp/hard\libm.a(lib_a-w_sqrt.o)
                              ./Src/TSP_DTS054-100P.o (sqrt)
c:/st/stm32cubeide_1.8.0/stm32cubeide/plugins/com.st.stm32cube.ide.mcu.externaltools.gnu-tools-for-stm32.9-2020-q2-update.win32_2.0.0.202105311346/tools/bin/../lib/gcc/arm-none-eabi/9.3.1/../../../../arm-none-eabi/lib/thumb/v7e-m+fp/hard\libm.a(lib_a-e_sqrt.o)
                              c:/st/stm32cubeide_1.8.0/stm32cubeide/plugins/com.st.stm32cube.ide.mcu.externaltools.gnu-tools-for-stm32.9-2020-q2-update.win32_2.0.0.202105311346/tools/bin/../lib/gcc/arm-none-eabi/9.3.1/../../../../arm-none-eabi/lib/thumb/v7e-m+fp/hard\libm.a(lib_a-w_sqrt.o) (__ieee754_sqrt)
c:/st/stm32cubeide_1.8.0/stm32cubeide/plugins/com.st.stm32cube.ide.mcu.externaltools.gnu-tools-for-stm32.9-2020-q2-update.win32_2.0.0.202105311346/tools/bin/../lib/gcc/arm-none-eabi/9.3.1/../../../../arm-none-eabi/lib/thumb/v7e-m+fp/hard\libm.a(lib_a-s_lib_ver.o)
                              c:/st/stm32cubeide_1.8.0/stm32cubeide/plugins/com.st.stm32cube.ide.mcu.externaltools.gnu-tools-for-stm32.9-2020-q2-update.win32_2.0.0.202105311346/tools/bin/../lib/gcc/arm-none-eabi/9.3.1/../../../../arm-none-eabi/lib/thumb/v7e-m+fp/hard\libm.a(lib_a-w_sqrt.o) (__fdlib_version)
c:/st/stm32cubeide_1.8.0/stm32cubeide/plugins/com.st.stm32cube.ide.mcu.externaltools.gnu-tools-for-stm32.9-2020-q2-update.win32_2.0.0.202105311346/tools/bin/../lib/gcc/arm-none-eabi/9.3.1/../../../../arm-none-eabi/lib/thumb/v7e-m+fp/hard\libc_nano.a(lib_a-errno.o)
                              c:/st/stm32cubeide_1.8.0/stm32cubeide/plugins/com.st.stm32cube.ide.mcu.externaltools.gnu-tools-for-stm32.9-2020-q2-update.win32_2.0.0.202105311346/tools/bin/../lib/gcc/arm-none-eabi/9.3.1/../../../../arm-none-eabi/lib/thumb/v7e-m+fp/hard\libm.a(lib_a-w_sqrt.o) (__errno)
c:/st/stm32cubeide_1.8.0/stm32cubeide/plugins/com.st.stm32cube.ide.mcu.externaltools.gnu-tools-for-stm32.9-2020-q2-update.win32_2.0.0.202105311346/tools/bin/../lib/gcc/arm-none-eabi/9.3.1/thumb/v7e-m+fp/hard\libgcc.a(_arm_muldf3.o)
                              ./Src/TSP_DTS054-100P.o (__aeabi_dmul)
c:/st/stm32cubeide_1.8.0/stm32cubeide/plugins/com.st.stm32cube.ide.mcu.externaltools.gnu-tools-for-stm32.9-2020-q2-update.win32_2.0.0.202105311346/tools/bin/../lib/gcc/arm-none-eabi/9.3.1/thumb/v7e-m+fp/hard\libgcc.a(_arm_addsubdf3.o)
                              ./Src/TSP_DTS054-100P.o (__aeabi_dsub)
[...]
Memory Configuration

Name             Origin             Length             Attributes
RAM              0x0000000020000000 0x0000000000020000 xrw
FLASH            0x0000000008000000 0x0000000000080000 xr
*default*        0x0000000000000000 0xffffffffffffffff

Linker script and memory map

LOAD c:/st/stm32cubeide_1.8.0/stm32cubeide/plugins/com.st.stm32cube.ide.mcu.externaltools.gnu-tools-for-stm32.9-2020-q2-update.win32_2.0.0.202105311346/tools/bin/../lib/gcc/arm-none-eabi/9.3.1/thumb/v7e-m+fp/hard/crti.o
LOAD c:/st/stm32cubeide_1.8.0/stm32cubeide/plugins/com.st.stm32cube.ide.mcu.externaltools.gnu-tools-for-stm32.9-2020-q2-update.win32_2.0.0.202105311346/tools/bin/../lib/gcc/arm-none-eabi/9.3.1/thumb/v7e-m+fp/hard/crtbegin.o
LOAD c:/st/stm32cubeide_1.8.0/stm32cubeide/plugins/com.st.stm32cube.ide.mcu.externaltools.gnu-tools-for-stm32.9-2020-q2-update.win32_2.0.0.202105311346/tools/bin/../lib/gcc/arm-none-eabi/9.3.1/../../../../arm-none-eabi/lib/thumb/v7e-m+fp/hard/crt0.o
LOAD ./Drivers/STM32F4xx_HAL_Driver/Src/stm32f4xx_hal.o
LOAD ./Drivers/STM32F4xx_HAL_Driver/Src/stm32f4xx_hal_cortex.o
LOAD ./Drivers/STM32F4xx_HAL_Driver/Src/stm32f4xx_hal_dma.o
LOAD ./Drivers/STM32F4xx_HAL_Driver/Src/stm32f4xx_hal_dma_ex.o
LOAD ./Drivers/STM32F4xx_HAL_Driver/Src/stm32f4xx_hal_flash.o
LOAD ./Drivers/STM32F4xx_HAL_Driver/Src/stm32f4xx_hal_flash_ex.o
LOAD ./Drivers/STM32F4xx_HAL_Driver/Src/stm32f4xx_hal_flash_ramfunc.o
LOAD ./Drivers/STM32F4xx_HAL_Driver/Src/stm32f4xx_hal_gpio.o
LOAD ./Drivers/STM32F4xx_HAL_Driver/Src/stm32f4xx_hal_pwr.o
LOAD ./Drivers/STM32F4xx_HAL_Driver/Src/stm32f4xx_hal_pwr_ex.o
LOAD ./Drivers/STM32F4xx_HAL_Driver/Src/stm32f4xx_hal_rcc.o
LOAD ./Drivers/STM32F4xx_HAL_Driver/Src/stm32f4xx_hal_rcc_ex.o
LOAD ./Src/ADC_Function.o
LOAD ./Src/TSP_DTS054-100P.o
LOAD ./Src/ThermocoupleTypeK.o
LOAD ./Src/Timer_Function.o
LOAD ./Src/ds18b20.o
LOAD ./Src/main.o
LOAD ./Src/stm32f4xx_hal_msp.o
LOAD ./Src/stm32f4xx_it.o
LOAD ./Src/system_stm32f4xx.o
LOAD ./startup/startup_stm32f446xx.o
START GROUP
LOAD c:/st/stm32cubeide_1.8.0/stm32cubeide/plugins/com.st.stm32cube.ide.mcu.externaltools.gnu-tools-for-stm32.9-2020-q2-update.win32_2.0.0.202105311346/tools/bin/../lib/gcc/arm-none-eabi/9.3.1/../../../../arm-none-eabi/lib/thumb/v7e-m+fp/hard\libc_nano.a
LOAD c:/st/stm32cubeide_1.8.0/stm32cubeide/plugins/com.st.stm32cube.ide.mcu.externaltools.gnu-tools-for-stm32.9-2020-q2-update.win32_2.0.0.202105311346/tools/bin/../lib/gcc/arm-none-eabi/9.3.1/../../../../arm-none-eabi/lib/thumb/v7e-m+fp/hard\libm.a
END GROUP
START GROUP
LOAD c:/st/stm32cubeide_1.8.0/stm32cubeide/plugins/com.st.stm32cube.ide.mcu.externaltools.gnu-tools-for-stm32.9-2020-q2-update.win32_2.0.0.202105311346/tools/bin/../lib/gcc/arm-none-eabi/9.3.1/thumb/v7e-m+fp/hard\libgcc.a
LOAD c:/st/stm32cubeide_1.8.0/stm32cubeide/plugins/com.st.stm32cube.ide.mcu.externaltools.gnu-tools-for-stm32.9-2020-q2-update.win32_2.0.0.202105311346/tools/bin/../lib/gcc/arm-none-eabi/9.3.1/../../../../arm-none-eabi/lib/thumb/v7e-m+fp/hard\libc_nano.a
END GROUP
START GROUP
LOAD c:/st/stm32cubeide_1.8.0/stm32cubeide/plugins/com.st.stm32cube.ide.mcu.externaltools.gnu-tools-for-stm32.9-2020-q2-update.win32_2.0.0.202105311346/tools/bin/../lib/gcc/arm-none-eabi/9.3.1/thumb/v7e-m+fp/hard\libgcc.a
LOAD c:/st/stm32cubeide_1.8.0/stm32cubeide/plugins/com.st.stm32cube.ide.mcu.externaltools.gnu-tools-for-stm32.9-2020-q2-update.win32_2.0.0.202105311346/tools/bin/../lib/gcc/arm-none-eabi/9.3.1/../../../../arm-none-eabi/lib/thumb/v7e-m+fp/hard\libc_nano.a
LOAD c:/st/stm32cubeide_1.8.0/stm32cubeide/plugins/com.st.stm32cube.ide.mcu.externaltools.gnu-tools-for-stm32.9-2020-q2-update.win32_2.0.0.202105311346/tools/bin/../lib/gcc/arm-none-eabi/9.3.1/../../../../arm-none-eabi/lib/thumb/v7e-m+fp/hard\libnosys.a
END GROUP
START GROUP
LOAD c:/st/stm32cubeide_1.8.0/stm32cubeide/plugins/com.st.stm32cube.ide.mcu.externaltools.gnu-tools-for-stm32.9-2020-q2-update.win32_2.0.0.202105311346/tools/bin/../lib/gcc/arm-none-eabi/9.3.1/thumb/v7e-m+fp/hard\libgcc.a
LOAD c:/st/stm32cubeide_1.8.0/stm32cubeide/plugins/com.st.stm32cube.ide.mcu.externaltools.gnu-tools-for-stm32.9-2020-q2-update.win32_2.0.0.202105311346/tools/bin/../lib/gcc/arm-none-eabi/9.3.1/../../../../arm-none-eabi/lib/thumb/v7e-m+fp/hard\libc_nano.a
LOAD c:/st/stm32cubeide_1.8.0/stm32cubeide/plugins/com.st.stm32cube.ide.mcu.externaltools.gnu-tools-for-stm32.9-2020-q2-update.win32_2.0.0.202105311346/tools/bin/../lib/gcc/arm-none-eabi/9.3.1/../../../../arm-none-eabi/lib/thumb/v7e-m+fp/hard\libnosys.a
END GROUP
LOAD c:/st/stm32cubeide_1.8.0/stm32cubeide/plugins/com.st.stm32cube.ide.mcu.externaltools.gnu-tools-for-stm32.9-2020-q2-update.win32_2.0.0.202105311346/tools/bin/../lib/gcc/arm-none-eabi/9.3.1/thumb/v7e-m+fp/hard/crtend.o
LOAD c:/st/stm32cubeide_1.8.0/stm32cubeide/plugins/com.st.stm32cube.ide.mcu.externaltools.gnu-tools-for-stm32.9-2020-q2-update.win32_2.0.0.202105311346/tools/bin/../lib/gcc/arm-none-eabi/9.3.1/thumb/v7e-m+fp/hard/crtn.o
                0x0000000020020000                _estack = 0x20020000
                0x0000000000000200                _Min_Heap_Size = 0x200
                0x0000000000000400                _Min_Stack_Size = 0x400

.isr_vector     0x0000000008000000      0x1c4
                0x0000000008000000                . = ALIGN (0x4)
 *(.isr_vector)
 .isr_vector    0x0000000008000000      0x1c4 ./startup/startup_stm32f446xx.o
                0x0000000008000000                g_pfnVectors
                0x00000000080001c4                . = ALIGN (0x4)

.text           0x00000000080001c8     0x29f0
                0x00000000080001c8                . = ALIGN (0x4)
 *(.text)
 .text          0x00000000080001c8       0x40 c:/st/stm32cubeide_1.8.0/stm32cubeide/plugins/com.st.stm32cube.ide.mcu.externaltools.gnu-tools-for-stm32.9-2020-q2-update.win32_2.0.0.202105311346/tools/bin/../lib/gcc/arm-none-eabi/9.3.1/thumb/v7e-m+fp/hard/crtbegin.o
 .text          0x0000000008000208      0x378 c:/st/stm32cubeide_1.8.0/stm32cubeide/plugins/com.st.stm32cube.ide.mcu.externaltools.gnu-tools-for-stm32.9-2020-q2-update.win32_2.0.0.202105311346/tools/bin/../lib/gcc/arm-none-eabi/9.3.1/thumb/v7e-m+fp/hard\libgcc.a(_arm_addsubdf3.o)
                0x0000000008000208                __aeabi_drsub
                0x0000000008000210                __aeabi_dsub
                0x0000000008000210                __subdf3
                0x0000000008000214                __aeabi_dadd
                0x0000000008000214                __adddf3
                0x000000000800048c                __floatunsidf
                0x000000000800048c                __aeabi_ui2d
                0x00000000080004ac                __floatsidf
                0x00000000080004ac                __aeabi_i2d
                0x00000000080004d0                __aeabi_f2d
                0x00000000080004d0                __extendsfdf2
                0x0000000008000514                __floatundidf
                0x0000000008000514                __aeabi_ul2d
                0x0000000008000524                __floatdidf
                0x0000000008000524                __aeabi_l2d
 .text          0x0000000008000580      0x424 c:/st/stm32cubeide_1.8.0/stm32cubeide/plugins/com.st.stm32cube.ide.mcu.externaltools.gnu-tools-for-stm32.9-2020-q2-update.win32_2.0.0.202105311346/tools/bin/../lib/gcc/arm-none-eabi/9.3.1/thumb/v7e-m+fp/hard\libgcc.a(_arm_muldivdf3.o)
                0x0000000008000580                __aeabi_dmul
                0x0000000008000580                __muldf3
                0x00000000080007d4                __divdf3
                0x00000000080007d4                __aeabi_ddiv
 .text          0x00000000080009a4      0x110 c:/st/stm32cubeide_1.8.0/stm32cubeide/plugins/com.st.stm32cube.ide.mcu.externaltools.gnu-tools-for-stm32.9-2020-q2-update.win32_2.0.0.202105311346/tools/bin/../lib/gcc/arm-none-eabi/9.3.1/thumb/v7e-m+fp/hard\libgcc.a(_arm_cmpdf2.o)
                0x00000000080009a4                __gtdf2
                0x00000000080009a4                __gedf2
                0x00000000080009ac                __ltdf2
                0x00000000080009ac                __ledf2
                0x00000000080009b4                __nedf2
                0x00000000080009b4                __eqdf2
                0x00000000080009b4                __cmpdf2
                0x0000000008000a30                __aeabi_cdrcmple
                0x0000000008000a40                __aeabi_cdcmpeq
                0x0000000008000a40                __aeabi_cdcmple
                0x0000000008000a50                __aeabi_dcmpeq
                0x0000000008000a64                __aeabi_dcmplt
                0x0000000008000a78                __aeabi_dcmple
                0x0000000008000a8c                __aeabi_dcmpge
                0x0000000008000aa0                __aeabi_dcmpgt
 .text          0x0000000008000ab4       0x2c c:/st/stm32cubeide_1.8.0/stm32cubeide/plugins/com.st.stm32cube.ide.mcu.externaltools.gnu-tools-for-stm32.9-2020-q2-update.win32_2.0.0.202105311346/tools/bin/../lib/gcc/arm-none-eabi/9.3.1/thumb/v7e-m+fp/hard\libgcc.a(_arm_unorddf2.o)
                0x0000000008000ab4                __unorddf2
                0x0000000008000ab4                __aeabi_dcmpun
 .text          0x0000000008000ae0       0x50 c:/st/stm32cubeide_1.8.0/stm32cubeide/plugins/com.st.stm32cube.ide.mcu.externaltools.gnu-tools-for-stm32.9-2020-q2-update.win32_2.0.0.202105311346/tools/bin/../lib/gcc/arm-none-eabi/9.3.1/thumb/v7e-m+fp/hard\libgcc.a(_arm_fixdfsi.o)
                0x0000000008000ae0                __aeabi_d2iz
                0x0000000008000ae0                __fixdfsi
 .text          0x0000000008000b30       0x40 c:/st/stm32cubeide_1.8.0/stm32cubeide/plugins/com.st.stm32cube.ide.mcu.externaltools.gnu-tools-for-stm32.9-2020-q2-update.win32_2.0.0.202105311346/tools/bin/../lib/gcc/arm-none-eabi/9.3.1/thumb/v7e-m+fp/hard\libgcc.a(_arm_fixunsdfsi.o)
                0x0000000008000b30                __aeabi_d2uiz
                0x0000000008000b30                __fixunsdfsi
 .text          0x0000000008000b70       0x30 c:/st/stm32cubeide_1.8.0/stm32cubeide/plugins/com.st.stm32cube.ide.mcu.externaltools.gnu-tools-for-stm32.9-2020-q2-update.win32_2.0.0.202105311346/tools/bin/../lib/gcc/arm-none-eabi/9.3.1/thumb/v7e-m+fp/hard\libgcc.a(_aeabi_uldivmod.o)
                0x0000000008000b70                __aeabi_uldivmod
 .text          0x0000000008000ba0      0x2c4 c:/st/stm32cubeide_1.8.0/stm32cubeide/plugins/com.st.stm32cube.ide.mcu.externaltools.gnu-tools-for-stm32.9-2020-q2-update.win32_2.0.0.202105311346/tools/bin/../lib/gcc/arm-none-eabi/9.3.1/thumb/v7e-m+fp/hard\libgcc.a(_udivmoddi4.o)
                0x0000000008000ba0                __udivmoddi4
 .text          0x0000000008000e64        0x4 c:/st/stm32cubeide_1.8.0/stm32cubeide/plugins/com.st.stm32cube.ide.mcu.externaltools.gnu-tools-for-stm32.9-2020-q2-update.win32_2.0.0.202105311346/tools/bin/../lib/gcc/arm-none-eabi/9.3.1/thumb/v7e-m+fp/hard\libgcc.a(_dvmd_tls.o)
                0x0000000008000e64                __aeabi_idiv0
                0x0000000008000e64                __aeabi_ldiv0
 *(.text*)
 .text.HAL_InitTick
                0x0000000008000e68       0x48 ./Drivers/STM32F4xx_HAL_Driver/Src/stm32f4xx_hal.o
                0x0000000008000e68                HAL_InitTick
 .text.HAL_Init
                0x0000000008000eb0       0x34 ./Drivers/STM32F4xx_HAL_Driver/Src/stm32f4xx_hal.o
                0x0000000008000eb0                HAL_Init
 .text.HAL_IncTick
                0x0000000008000ee4       0x18 ./Drivers/STM32F4xx_HAL_Driver/Src/stm32f4xx_hal.o
                0x0000000008000ee4                HAL_IncTick
 .text.HAL_GetTick
                0x0000000008000efc        0xc ./Drivers/STM32F4xx_HAL_Driver/Src/stm32f4xx_hal.o
                0x0000000008000efc                HAL_GetTick
 .text.HAL_NVIC_SetPriorityGrouping
                0x0000000008000f08       0x24 ./Drivers/STM32F4xx_HAL_Driver/Src/stm32f4xx_hal_cortex.o
                0x0000000008000f08                HAL_NVIC_SetPriorityGrouping
 .text.HAL_NVIC_SetPriority
                0x0000000008000f2c       0x68 ./Drivers/STM32F4xx_HAL_Driver/Src/stm32f4xx_hal_cortex.o
                0x0000000008000f2c                HAL_NVIC_SetPriority
 .text.HAL_NVIC_EnableIRQ
                0x0000000008000f94       0x1c ./Drivers/STM32F4xx_HAL_Driver/Src/stm32f4xx_hal_cortex.o
                0x0000000008000f94                HAL_NVIC_EnableIRQ
 .text.HAL_SYSTICK_Config
                0x0000000008000fb0       0x2c ./Drivers/STM32F4xx_HAL_Driver/Src/stm32f4xx_hal_cortex.o
                0x0000000008000fb0                HAL_SYSTICK_Config
 .text.HAL_SYSTICK_CLKSourceConfig
                0x0000000008000fdc       0x20 ./Drivers/STM32F4xx_HAL_Driver/Src/stm32f4xx_hal_cortex.o
                0x0000000008000fdc                HAL_SYSTICK_CLKSourceConfig
 .text.HAL_SYSTICK_Callback
                0x0000000008000ffc        0x2 ./Drivers/STM32F4xx_HAL_Driver/Src/stm32f4xx_hal_cortex.o
                0x0000000008000ffc                HAL_SYSTICK_Callback
 .text.HAL_SYSTICK_IRQHandler
                0x0000000008000ffe        0x8 ./Drivers/STM32F4xx_HAL_Driver/Src/stm32f4xx_hal_cortex.o
                0x0000000008000ffe                HAL_SYSTICK_IRQHandler
 *fill*         0x0000000008001006        0x2 
 .text.HAL_PWREx_EnableOverDrive
                0x0000000008001008       0x80 ./Drivers/STM32F4xx_HAL_Driver/Src/stm32f4xx_hal_pwr_ex.o
                0x0000000008001008                HAL_PWREx_EnableOverDrive
 .text.HAL_RCC_ClockConfig
                0x0000000008001088      0x160 ./Drivers/STM32F4xx_HAL_Driver/Src/stm32f4xx_hal_rcc.o
                0x0000000008001088                HAL_RCC_ClockConfig
 .text.HAL_RCC_GetHCLKFreq
                0x00000000080011e8        0xc ./Drivers/STM32F4xx_HAL_Driver/Src/stm32f4xx_hal_rcc.o
                0x00000000080011e8                HAL_RCC_GetHCLKFreq
 .text.HAL_RCC_GetSysClockFreq
                0x00000000080011f4      0x118 ./Drivers/STM32F4xx_HAL_Driver/Src/stm32f4xx_hal_rcc_ex.o
                0x00000000080011f4                HAL_RCC_GetSysClockFreq
 .text.HAL_RCC_OscConfig
                0x000000000800130c      0x440 ./Drivers/STM32F4xx_HAL_Driver/Src/stm32f4xx_hal_rcc_ex.o
                0x000000000800130c                HAL_RCC_OscConfig
 .text.Init_ADC1
                0x000000000800174c       0x54 ./Src/ADC_Function.o
                0x000000000800174c                Init_ADC1
 .text.ADC1_Read
                0x00000000080017a0       0x18 ./Src/ADC_Function.o
                0x00000000080017a0                ADC1_Read
 .text.ADC1_Start
                0x00000000080017b8       0x1c ./Src/ADC_Function.o
                0x00000000080017b8                ADC1_Start
 *fill*         0x00000000080017d4        0x4 
 .text.RTDTemperatureMeasurement
                0x00000000080017d8       0xdc ./Src/TSP_DTS054-100P.o
                0x00000000080017d8                RTDTemperatureMeasurement
 *fill*         0x00000000080018b4        0x4 
 .text.ConvectorThemperatureVoltage
                0x00000000080018b8       0x7c ./Src/TSP_DTS054-100P.o
                0x00000000080018b8                ConvectorThemperatureVoltage
 *fill*         0x0000000008001934        0x4 
 .text.ReadTemperatureFromThermocouple
                0x0000000008001938      0x268 ./Src/ThermocoupleTypeK.o
                0x0000000008001938                ReadTemperatureFromThermocouple
 .text.Init_Timer2
                0x0000000008001ba0       0x44 ./Src/Timer_Function.o
                0x0000000008001ba0                Init_Timer2
 .text.Init_Timer3
                0x0000000008001be4       0x48 ./Src/Timer_Function.o
                0x0000000008001be4                Init_Timer3
 .text.ds18b20_Reset
                0x0000000008001c2c       0x6c ./Src/ds18b20.o
                0x0000000008001c2c                ds18b20_Reset
 .text.ds18b20_ReadBit
                0x0000000008001c98       0x5c ./Src/ds18b20.o
                0x0000000008001c98                ds18b20_ReadBit
 .text.ds18b20_ReadByte
                0x0000000008001cf4       0x1e ./Src/ds18b20.o
                0x0000000008001cf4                ds18b20_ReadByte
 *fill*         0x0000000008001d12        0x2 
 .text.ds18b20_WriteBit
                0x0000000008001d14       0x60 ./Src/ds18b20.o
                0x0000000008001d14                ds18b20_WriteBit
 .text.ds18b20_WriteByte
                0x0000000008001d74       0x40 ./Src/ds18b20.o
                0x0000000008001d74                ds18b20_WriteByte
 .text.ds18b20_Init
                0x0000000008001db4       0x34 ./Src/ds18b20.o
                0x0000000008001db4                ds18b20_Init
 .text.ds18b20_ReadStratcpad
                0x0000000008001de8       0x42 ./Src/ds18b20.o
                0x0000000008001de8                ds18b20_ReadStratcpad
 *fill*         0x0000000008001e2a        0x2 
 .text.ds18b20_Convert
                0x0000000008001e2c       0x2c ./Src/ds18b20.o
                0x0000000008001e2c                ds18b20_Convert
 .text.MX_GPIO_Init
                0x0000000008001e58       0x38 ./Src/main.o
 .text.TIM3_IRQHandler
                0x0000000008001e90       0x6c ./Src/main.o
                0x0000000008001e90                TIM3_IRQHandler
 .text.InitOfFigureLedDigitDisplay
                0x0000000008001efc      0x2ac ./Src/main.o
                0x0000000008001efc                InitOfFigureLedDigitDisplay
 .text.InitOfLedScopeBoard
                0x00000000080021a8      0x1b8 ./Src/main.o
                0x00000000080021a8                InitOfLedScopeBoard
 .text.ConvertingNumberIntoADigitalArray
                0x0000000008002360       0x88 ./Src/main.o
                0x0000000008002360                ConvertingNumberIntoADigitalArray
 .text.TIM2_IRQHandler
                0x00000000080023e8       0x3c ./Src/main.o
                0x00000000080023e8                TIM2_IRQHandler
 .text.Init_GPIO
                0x0000000008002424       0xe4 ./Src/main.o
                0x0000000008002424                Init_GPIO
 .text.Init_SPI
                0x0000000008002508       0x7c ./Src/main.o
                0x0000000008002508                Init_SPI
 .text._Error_Handler
                0x0000000008002584        0x2 ./Src/main.o
                0x0000000008002584                _Error_Handler
 *fill*         0x0000000008002586        0x2 
 .text.SystemClock_Config
                0x0000000008002588       0xd8 ./Src/main.o
                0x0000000008002588                SystemClock_Config
 .text.main     0x0000000008002660      0x228 ./Src/main.o
                0x0000000008002660                main
 .text.HAL_MspInit
                0x0000000008002888       0x6e ./Src/stm32f4xx_hal_msp.o
                0x0000000008002888                HAL_MspInit
 .text.NMI_Handler
                0x00000000080028f6        0x2 ./Src/stm32f4xx_it.o
                0x00000000080028f6                NMI_Handler
 .text.HardFault_Handler
                0x00000000080028f8        0x2 ./Src/stm32f4xx_it.o
                0x00000000080028f8                HardFault_Handler
 .text.MemManage_Handler
                0x00000000080028fa        0x2 ./Src/stm32f4xx_it.o
                0x00000000080028fa                MemManage_Handler
 .text.BusFault_Handler
                0x00000000080028fc        0x2 ./Src/stm32f4xx_it.o
                0x00000000080028fc                BusFault_Handler
 .text.UsageFault_Handler
                0x00000000080028fe        0x2 ./Src/stm32f4xx_it.o
                0x00000000080028fe                UsageFault_Handler
 .text.SVC_Handler
                0x0000000008002900        0x2 ./Src/stm32f4xx_it.o
                0x0000000008002900                SVC_Handler
 .text.DebugMon_Handler
                0x0000000008002902        0x2 ./Src/stm32f4xx_it.o
                0x0000000008002902                DebugMon_Handler
 .text.PendSV_Handler
                0x0000000008002904        0x2 ./Src/stm32f4xx_it.o
                0x0000000008002904                PendSV_Handler
 .text.SysTick_Handler
                0x0000000008002906        0xc ./Src/stm32f4xx_it.o
                0x0000000008002906                SysTick_Handler
 .text.RCC_IRQHandler
                0x0000000008002912        0x2 ./Src/stm32f4xx_it.o
                0x0000000008002912                RCC_IRQHandler
 .text.SystemInit
                0x0000000008002914       0x14 ./Src/system_stm32f4xx.o
                0x0000000008002914                SystemInit
 .text.Reset_Handler
                0x0000000008002928       0x50 ./startup/startup_stm32f446xx.o
                0x0000000008002928                Reset_Handler
 .text.Default_Handler
                0x0000000008002978        0x2 ./startup/startup_stm32f446xx.o
                0x0000000008002978                RTC_Alarm_IRQHandler
                0x0000000008002978                EXTI2_IRQHandler
                0x0000000008002978                TIM8_CC_IRQHandler
                0x0000000008002978                FMPI2C1_EV_IRQHandler
                0x0000000008002978                SPI4_IRQHandler
                0x0000000008002978                TIM1_CC_IRQHandler
                0x0000000008002978                DMA2_Stream5_IRQHandler
                0x0000000008002978                DMA1_Stream5_IRQHandler
                0x0000000008002978                PVD_IRQHandler
                0x0000000008002978                SDIO_IRQHandler
                0x0000000008002978                TAMP_STAMP_IRQHandler
                0x0000000008002978                CAN2_RX1_IRQHandler
                0x0000000008002978                EXTI3_IRQHandler
                0x0000000008002978                TIM8_TRG_COM_TIM14_IRQHandler
                0x0000000008002978                TIM1_UP_TIM10_IRQHandler
                0x0000000008002978                TIM8_UP_TIM13_IRQHandler
                0x0000000008002978                I2C3_ER_IRQHandler
                0x0000000008002978                EXTI0_IRQHandler
                0x0000000008002978                I2C2_EV_IRQHandler
                0x0000000008002978                DMA1_Stream2_IRQHandler
                0x0000000008002978                CAN1_RX0_IRQHandler
                0x0000000008002978                FPU_IRQHandler
                0x0000000008002978                OTG_HS_WKUP_IRQHandler
                0x0000000008002978                CAN2_SCE_IRQHandler
                0x0000000008002978                DMA2_Stream2_IRQHandler
                0x0000000008002978                SPI1_IRQHandler
                0x0000000008002978                TIM6_DAC_IRQHandler
                0x0000000008002978                TIM1_BRK_TIM9_IRQHandler
                0x0000000008002978                DCMI_IRQHandler
                0x0000000008002978                CAN2_RX0_IRQHandler
                0x0000000008002978                DMA2_Stream3_IRQHandler
                0x0000000008002978                SAI2_IRQHandler
                0x0000000008002978                USART6_IRQHandler
                0x0000000008002978                USART3_IRQHandler
                0x0000000008002978                CAN1_RX1_IRQHandler
                0x0000000008002978                UART5_IRQHandler
                0x0000000008002978                DMA2_Stream0_IRQHandler
                0x0000000008002978                TIM4_IRQHandler
                0x0000000008002978                QUADSPI_IRQHandler
                0x0000000008002978                I2C1_EV_IRQHandler
                0x0000000008002978                DMA1_Stream6_IRQHandler
                0x0000000008002978                DMA1_Stream1_IRQHandler
                0x0000000008002978                UART4_IRQHandler
                0x0000000008002978                TIM8_BRK_TIM12_IRQHandler
                0x0000000008002978                Default_Handler
                0x0000000008002978                CEC_IRQHandler
                0x0000000008002978                EXTI15_10_IRQHandler
                0x0000000008002978                ADC_IRQHandler
                0x0000000008002978                DMA1_Stream7_IRQHandler
                0x0000000008002978                TIM7_IRQHandler
                0x0000000008002978                CAN2_TX_IRQHandler
                0x0000000008002978                TIM5_IRQHandler
                0x0000000008002978                DMA2_Stream7_IRQHandler
                0x0000000008002978                I2C3_EV_IRQHandler
                0x0000000008002978                EXTI9_5_IRQHandler
                0x0000000008002978                RTC_WKUP_IRQHandler
                0x0000000008002978                SPDIF_RX_IRQHandler
                0x0000000008002978                SPI2_IRQHandler
                0x0000000008002978                OTG_HS_EP1_IN_IRQHandler
                0x0000000008002978                DMA1_Stream0_IRQHandler
                0x0000000008002978                CAN1_TX_IRQHandler
                0x0000000008002978                FMPI2C1_ER_IRQHandler
                0x0000000008002978                EXTI4_IRQHandler
                0x0000000008002978                OTG_HS_EP1_OUT_IRQHandler
                0x0000000008002978                WWDG_IRQHandler
                0x0000000008002978                OTG_FS_WKUP_IRQHandler
                0x0000000008002978                TIM1_TRG_COM_TIM11_IRQHandler
                0x0000000008002978                OTG_HS_IRQHandler
                0x0000000008002978                EXTI1_IRQHandler
                0x0000000008002978                USART2_IRQHandler
                0x0000000008002978                I2C2_ER_IRQHandler
                0x0000000008002978                DMA2_Stream1_IRQHandler
                0x0000000008002978                CAN1_SCE_IRQHandler
                0x0000000008002978                FLASH_IRQHandler
                0x0000000008002978                DMA2_Stream4_IRQHandler
                0x0000000008002978                USART1_IRQHandler
                0x0000000008002978                OTG_FS_IRQHandler
                0x0000000008002978                SPI3_IRQHandler
                0x0000000008002978                DMA1_Stream4_IRQHandler
                0x0000000008002978                I2C1_ER_IRQHandler
                0x0000000008002978                FMC_IRQHandler
                0x0000000008002978                DMA2_Stream6_IRQHandler
                0x0000000008002978                SAI1_IRQHandler
                0x0000000008002978                DMA1_Stream3_IRQHandler
 *fill*         0x000000000800297a        0x2 
 .text.__libc_init_array
                0x000000000800297c       0x48 c:/st/stm32cubeide_1.8.0/stm32cubeide/plugins/com.st.stm32cube.ide.mcu.externaltools.gnu-tools-for-stm32.9-2020-q2-update.win32_2.0.0.202105311346/tools/bin/../lib/gcc/arm-none-eabi/9.3.1/../../../../arm-none-eabi/lib/thumb/v7e-m+fp/hard\libc_nano.a(lib_a-init.o)
                0x000000000800297c                __libc_init_array
 .text.sqrt     0x00000000080029c4       0x68 c:/st/stm32cubeide_1.8.0/stm32cubeide/plugins/com.st.stm32cube.ide.mcu.externaltools.gnu-tools-for-stm32.9-2020-q2-update.win32_2.0.0.202105311346/tools/bin/../lib/gcc/arm-none-eabi/9.3.1/../../../../arm-none-eabi/lib/thumb/v7e-m+fp/hard\libm.a(lib_a-w_sqrt.o)
                0x00000000080029c4                sqrt
 .text.__ieee754_sqrt
                0x0000000008002a2c      0x168 c:/st/stm32cubeide_1.8.0/stm32cubeide/plugins/com.st.stm32cube.ide.mcu.externaltools.gnu-tools-for-stm32.9-2020-q2-update.win32_2.0.0.202105311346/tools/bin/../lib/gcc/arm-none-eabi/9.3.1/../../../../arm-none-eabi/lib/thumb/v7e-m+fp/hard\libm.a(lib_a-e_sqrt.o)
                0x0000000008002a2c                __ieee754_sqrt
 .text.__errno  0x0000000008002b94        0xc c:/st/stm32cubeide_1.8.0/stm32cubeide/plugins/com.st.stm32cube.ide.mcu.externaltools.gnu-tools-for-stm32.9-2020-q2-update.win32_2.0.0.202105311346/tools/bin/../lib/gcc/arm-none-eabi/9.3.1/../../../../arm-none-eabi/lib/thumb/v7e-m+fp/hard\libc_nano.a(lib_a-errno.o)
                0x0000000008002b94                __errno
 *(.glue_7)
 .glue_7        0x0000000008002ba0        0x0 linker stubs
 *(.glue_7t)
 .glue_7t       0x0000000008002ba0        0x0 linker stubs
 *(.eh_frame)
 .eh_frame      0x0000000008002ba0        0x0 c:/st/stm32cubeide_1.8.0/stm32cubeide/plugins/com.st.stm32cube.ide.mcu.externaltools.gnu-tools-for-stm32.9-2020-q2-update.win32_2.0.0.202105311346/tools/bin/../lib/gcc/arm-none-eabi/9.3.1/thumb/v7e-m+fp/hard/crtbegin.o
 *(.init)
 .init          0x0000000008002ba0        0x4 c:/st/stm32cubeide_1.8.0/stm32cubeide/plugins/com.st.stm32cube.ide.mcu.externaltools.gnu-tools-for-stm32.9-2020-q2-update.win32_2.0.0.202105311346/tools/bin/../lib/gcc/arm-none-eabi/9.3.1/thumb/v7e-m+fp/hard/crti.o
                0x0000000008002ba0                _init
 .init          0x0000000008002ba4        0x8 c:/st/stm32cubeide_1.8.0/stm32cubeide/plugins/com.st.stm32cube.ide.mcu.externaltools.gnu-tools-for-stm32.9-2020-q2-update.win32_2.0.0.202105311346/tools/bin/../lib/gcc/arm-none-eabi/9.3.1/thumb/v7e-m+fp/hard/crtn.o
 *(.fini)
 .fini          0x0000000008002bac        0x4 c:/st/stm32cubeide_1.8.0/stm32cubeide/plugins/com.st.stm32cube.ide.mcu.externaltools.gnu-tools-for-stm32.9-2020-q2-update.win32_2.0.0.202105311346/tools/bin/../lib/gcc/arm-none-eabi/9.3.1/thumb/v7e-m+fp/hard/crti.o
                0x0000000008002bac                _fini
 .fini          0x0000000008002bb0        0x8 c:/st/stm32cubeide_1.8.0/stm32cubeide/plugins/com.st.stm32cube.ide.mcu.externaltools.gnu-tools-for-stm32.9-2020-q2-update.win32_2.0.0.202105311346/tools/bin/../lib/gcc/arm-none-eabi/9.3.1/thumb/v7e-m+fp/hard/crtn.o
                0x0000000008002bb8                . = ALIGN (0x4)
                0x0000000008002bb8                _etext = .

.vfp11_veneer   0x0000000008002bb8        0x0
 .vfp11_veneer  0x0000000008002bb8        0x0 linker stubs

.v4_bx          0x0000000008002bb8        0x0
 .v4_bx         0x0000000008002bb8        0x0 linker stubs

.iplt           0x0000000008002bb8        0x0
 .iplt          0x0000000008002bb8        0x0 c:/st/stm32cubeide_1.8.0/stm32cubeide/plugins/com.st.stm32cube.ide.mcu.externaltools.gnu-tools-for-stm32.9-2020-q2-update.win32_2.0.0.202105311346/tools/bin/../lib/gcc/arm-none-eabi/9.3.1/thumb/v7e-m+fp/hard/crtbegin.o

.rodata         0x0000000008002bb8       0x28
                0x0000000008002bb8                . = ALIGN (0x4)
 *(.rodata)
 .rodata        0x0000000008002bb8       0x18 ./Src/system_stm32f4xx.o
                0x0000000008002bb8                AHBPrescTable
                0x0000000008002bc8                APBPrescTable
 *(.rodata*)
 .rodata.str1.4
                0x0000000008002bd0        0xe ./Src/main.o
                0x0000000008002be0                . = ALIGN (0x4)
 *fill*         0x0000000008002bde        0x2 

.ARM.extab
 *(.ARM.extab* .gnu.linkonce.armextab.*)

.ARM            0x0000000008002be0        0x8
                0x0000000008002be0                __exidx_start = .
 *(.ARM.exidx*)
 .ARM.exidx     0x0000000008002be0        0x8 c:/st/stm32cubeide_1.8.0/stm32cubeide/plugins/com.st.stm32cube.ide.mcu.externaltools.gnu-tools-for-stm32.9-2020-q2-update.win32_2.0.0.202105311346/tools/bin/../lib/gcc/arm-none-eabi/9.3.1/thumb/v7e-m+fp/hard\libgcc.a(_udivmoddi4.o)
                0x0000000008002be8                __exidx_end = .

.rel.dyn        0x0000000008002be8        0x0
 .rel.iplt      0x0000000008002be8        0x0 c:/st/stm32cubeide_1.8.0/stm32cubeide/plugins/com.st.stm32cube.ide.mcu.externaltools.gnu-tools-for-stm32.9-2020-q2-update.win32_2.0.0.202105311346/tools/bin/../lib/gcc/arm-none-eabi/9.3.1/thumb/v7e-m+fp/hard/crtbegin.o

.preinit_array  0x0000000008002be8        0x0
                0x0000000008002be8                PROVIDE (__preinit_array_start = .)
 *(.preinit_array*)
                0x0000000008002be8                PROVIDE (__preinit_array_end = .)

.init_array     0x0000000008002be8        0x4
                0x0000000008002be8                PROVIDE (__init_array_start = .)
 *(SORT_BY_NAME(.init_array.*))
 *(.init_array*)
 .init_array    0x0000000008002be8        0x4 c:/st/stm32cubeide_1.8.0/stm32cubeide/plugins/com.st.stm32cube.ide.mcu.externaltools.gnu-tools-for-stm32.9-2020-q2-update.win32_2.0.0.202105311346/tools/bin/../lib/gcc/arm-none-eabi/9.3.1/thumb/v7e-m+fp/hard/crtbegin.o
                0x0000000008002bec                PROVIDE (__init_array_end = .)

.fini_array     0x0000000008002bec        0x4
                [!provide]                        PROVIDE (__fini_array_start = .)
 *(SORT_BY_NAME(.fini_array.*))
 *(.fini_array*)
 .fini_array    0x0000000008002bec        0x4 c:/st/stm32cubeide_1.8.0/stm32cubeide/plugins/com.st.stm32cube.ide.mcu.externaltools.gnu-tools-for-stm32.9-2020-q2-update.win32_2.0.0.202105311346/tools/bin/../lib/gcc/arm-none-eabi/9.3.1/thumb/v7e-m+fp/hard/crtbegin.o
                [!provide]                        PROVIDE (__fini_array_end = .)
                0x0000000008002bf0                _sidata = LOADADDR (.data)

.data           0x0000000020000000       0x74 load address 0x0000000008002bf0
                0x0000000020000000                . = ALIGN (0x4)
                0x0000000020000000                _sdata = .
 *(.data)
 .data          0x0000000020000000        0x8 ./Drivers/STM32F4xx_HAL_Driver/Src/stm32f4xx_hal.o
                0x0000000020000000                uwTickFreq
                0x0000000020000004                uwTickPrio
 .data          0x0000000020000008        0x4 ./Src/system_stm32f4xx.o
                0x0000000020000008                SystemCoreClock
 *(.data*)
 .data._impure_ptr
                0x000000002000000c        0x4 c:/st/stm32cubeide_1.8.0/stm32cubeide/plugins/com.st.stm32cube.ide.mcu.externaltools.gnu-tools-for-stm32.9-2020-q2-update.win32_2.0.0.202105311346/tools/bin/../lib/gcc/arm-none-eabi/9.3.1/../../../../arm-none-eabi/lib/thumb/v7e-m+fp/hard\libc_nano.a(lib_a-impure.o)
                0x000000002000000c                _impure_ptr
 .data.impure_data
                0x0000000020000010       0x60 c:/st/stm32cubeide_1.8.0/stm32cubeide/plugins/com.st.stm32cube.ide.mcu.externaltools.gnu-tools-for-stm32.9-2020-q2-update.win32_2.0.0.202105311346/tools/bin/../lib/gcc/arm-none-eabi/9.3.1/../../../../arm-none-eabi/lib/thumb/v7e-m+fp/hard\libc_nano.a(lib_a-impure.o)
 .data.__fdlib_version
                0x0000000020000070        0x1 c:/st/stm32cubeide_1.8.0/stm32cubeide/plugins/com.st.stm32cube.ide.mcu.externaltools.gnu-tools-for-stm32.9-2020-q2-update.win32_2.0.0.202105311346/tools/bin/../lib/gcc/arm-none-eabi/9.3.1/../../../../arm-none-eabi/lib/thumb/v7e-m+fp/hard\libm.a(lib_a-s_lib_ver.o)
                0x0000000020000070                __fdlib_version
                0x0000000020000074                . = ALIGN (0x4)
 *fill*         0x0000000020000071        0x3 
                0x0000000020000074                _edata = .

.igot.plt       0x0000000020000074        0x0 load address 0x0000000008002c64
 .igot.plt      0x0000000020000074        0x0 c:/st/stm32cubeide_1.8.0/stm32cubeide/plugins/com.st.stm32cube.ide.mcu.externaltools.gnu-tools-for-stm32.9-2020-q2-update.win32_2.0.0.202105311346/tools/bin/../lib/gcc/arm-none-eabi/9.3.1/thumb/v7e-m+fp/hard/crtbegin.o
                0x0000000020000074                . = ALIGN (0x4)

.bss            0x0000000020000078      0x4a0 load address 0x0000000008002c64
                0x0000000020000078                _sbss = .
                0x0000000020000078                __bss_start__ = _sbss
 *(.bss)
 .bss           0x0000000020000078       0x1c c:/st/stm32cubeide_1.8.0/stm32cubeide/plugins/com.st.stm32cube.ide.mcu.externaltools.gnu-tools-for-stm32.9-2020-q2-update.win32_2.0.0.202105311346/tools/bin/../lib/gcc/arm-none-eabi/9.3.1/thumb/v7e-m+fp/hard/crtbegin.o
 .bss           0x0000000020000094        0x4 ./Src/main.o
                0x0000000020000094                Zero
 *(.bss*)
 *(COMMON)
 COMMON         0x0000000020000098        0x4 ./Drivers/STM32F4xx_HAL_Driver/Src/stm32f4xx_hal.o
                0x0000000020000098                uwTick
 *fill*         0x000000002000009c        0x4 
 COMMON         0x00000000200000a0       0x68 ./Src/ThermocoupleTypeK.o
                0x00000000200000a0                Value
                0x00000000200000a8                ConversionToVoltage
                0x00000000200000b0                StatusDs18b20
                0x00000000200000b2                ValueAverage
                0x00000000200000b8                Temp
                0x00000000200000c0                temperature
                0x00000000200000c8                kt
                0x00000000200000d0                AverageVelue
                0x00000000200000d8                Res
                0x00000000200000e0                readTemp
                0x00000000200000e8                ThermocoupleTemperature
                0x00000000200000f0                dt
                0x00000000200000f8                a
                0x00000000200000fa                frt
                0x0000000020000100                VoltageOnThermocouple
 COMMON         0x0000000020000108      0x410 ./Src/main.o
                0x0000000020000108                TemperArray
                0x0000000020000150                ResArray
                0x0000000020000470                PolinomArray500
                0x00000000200004c0                a1
                0x00000000200004c4                massiv
                0x00000000200004c8                tt
                0x00000000200004d0                a2
                0x00000000200004d8                TempOfDisplay
                0x00000000200004e0                PolinomArray1372
                0x0000000020000518                . = ALIGN (0x4)
                0x0000000020000518                _ebss = .
                0x0000000020000518                __bss_end__ = _ebss

._user_heap_stack
                0x0000000020000518      0x600 load address 0x0000000008002c64
                0x0000000020000518                . = ALIGN (0x8)
                [!provide]                        PROVIDE (end = .)
                [!provide]                        PROVIDE (_end = .)
                0x0000000020000718                . = (. + _Min_Heap_Size)
 *fill*         0x0000000020000518      0x200 
                0x0000000020000b18                . = (. + _Min_Stack_Size)
 *fill*         0x0000000020000718      0x400 
                0x0000000020000b18                . = ALIGN (0x8)

/DISCARD/
 libc.a(*)
 libm.a(*)
 libgcc.a(*)

.ARM.attributes
                0x0000000000000000       0x30
 *(.ARM.attributes)
 .ARM.attributes
                0x0000000000000000       0x1e c:/st/stm32cubeide_1.8.0/stm32cubeide/plugins/com.st.stm32cube.ide.mcu.externaltools.gnu-tools-for-stm32.9-2020-q2-update.win32_2.0.0.202105311346/tools/bin/../lib/gcc/arm-none-eabi/9.3.1/thumb/v7e-m+fp/hard/crti.o
 .ARM.attributes
                0x000000000000001e       0x34 c:/st/stm32cubeide_1.8.0/stm32cubeide/plugins/com.st.stm32cube.ide.mcu.externaltools.gnu-tools-for-stm32.9-2020-q2-update.win32_2.0.0.202105311346/tools/bin/../lib/gcc/arm-none-eabi/9.3.1/thumb/v7e-m+fp/hard/crtbegin.o
 .ARM.attributes
                0x0000000000000052       0x34 ./Drivers/STM32F4xx_HAL_Driver/Src/stm32f4xx_hal.o
 .ARM.attributes
                0x0000000000000086       0x34 ./Drivers/STM32F4xx_HAL_Driver/Src/stm32f4xx_hal_cortex.o
 .ARM.attributes
                0x00000000000000ba       0x34 ./Drivers/STM32F4xx_HAL_Driver/Src/stm32f4xx_hal_pwr_ex.o
 .ARM.attributes
                0x00000000000000ee       0x34 ./Drivers/STM32F4xx_HAL_Driver/Src/stm32f4xx_hal_rcc.o
 .ARM.attributes
                0x0000000000000122       0x34 ./Drivers/STM32F4xx_HAL_Driver/Src/stm32f4xx_hal_rcc_ex.o
 .ARM.attributes
                0x0000000000000156       0x34 ./Src/ADC_Function.o
 .ARM.attributes
                0x000000000000018a       0x34 ./Src/TSP_DTS054-100P.o
 .ARM.attributes
                0x00000000000001be       0x34 ./Src/ThermocoupleTypeK.o
 .ARM.attributes
                0x00000000000001f2       0x34 ./Src/Timer_Function.o
 .ARM.attributes
                0x0000000000000226       0x34 ./Src/ds18b20.o
 .ARM.attributes
                0x000000000000025a       0x34 ./Src/main.o
 .ARM.attributes
                0x000000000000028e       0x34 ./Src/stm32f4xx_hal_msp.o
 .ARM.attributes
                0x00000000000002c2       0x34 ./Src/stm32f4xx_it.o
 .ARM.attributes
                0x00000000000002f6       0x34 ./Src/system_stm32f4xx.o
 .ARM.attributes
                0x000000000000032a       0x21 ./startup/startup_stm32f446xx.o
 .ARM.attributes
                0x000000000000034b       0x32 c:/st/stm32cubeide_1.8.0/stm32cubeide/plugins/com.st.stm32cube.ide.mcu.externaltools.gnu-tools-for-stm32.9-2020-q2-update.win32_2.0.0.202105311346/tools/bin/../lib/gcc/arm-none-eabi/9.3.1/../../../../arm-none-eabi/lib/thumb/v7e-m+fp/hard\libc_nano.a(lib_a-impure.o)
 .ARM.attributes
                0x000000000000037d       0x34 c:/st/stm32cubeide_1.8.0/stm32cubeide/plugins/com.st.stm32cube.ide.mcu.externaltools.gnu-tools-for-stm32.9-2020-q2-update.win32_2.0.0.202105311346/tools/bin/../lib/gcc/arm-none-eabi/9.3.1/../../../../arm-none-eabi/lib/thumb/v7e-m+fp/hard\libc_nano.a(lib_a-init.o)
 .ARM.attributes
                0x00000000000003b1       0x34 c:/st/stm32cubeide_1.8.0/stm32cubeide/plugins/com.st.stm32cube.ide.mcu.externaltools.gnu-tools-for-stm32.9-2020-q2-update.win32_2.0.0.202105311346/tools/bin/../lib/gcc/arm-none-eabi/9.3.1/../../../../arm-none-eabi/lib/thumb/v7e-m+fp/hard\libm.a(lib_a-w_sqrt.o)
 .ARM.attributes
                0x00000000000003e5       0x34 c:/st/stm32cubeide_1.8.0/stm32cubeide/plugins/com.st.stm32cube.ide.mcu.externaltools.gnu-tools-for-stm32.9-2020-q2-update.win32_2.0.0.202105311346/tools/bin/../lib/gcc/arm-none-eabi/9.3.1/../../../../arm-none-eabi/lib/thumb/v7e-m+fp/hard\libm.a(lib_a-e_sqrt.o)
 .ARM.attributes
                0x0000000000000419       0x32 c:/st/stm32cubeide_1.8.0/stm32cubeide/plugins/com.st.stm32cube.ide.mcu.externaltools.gnu-tools-for-stm32.9-2020-q2-update.win32_2.0.0.202105311346/tools/bin/../lib/gcc/arm-none-eabi/9.3.1/../../../../arm-none-eabi/lib/thumb/v7e-m+fp/hard\libm.a(lib_a-s_lib_ver.o)
 .ARM.attributes
                0x000000000000044b       0x34 c:/st/stm32cubeide_1.8.0/stm32cubeide/plugins/com.st.stm32cube.ide.mcu.externaltools.gnu-tools-for-stm32.9-2020-q2-update.win32_2.0.0.202105311346/tools/bin/../lib/gcc/arm-none-eabi/9.3.1/../../../../arm-none-eabi/lib/thumb/v7e-m+fp/hard\libc_nano.a(lib_a-errno.o)
 .ARM.attributes
                0x000000000000047f       0x1e c:/st/stm32cubeide_1.8.0/stm32cubeide/plugins/com.st.stm32cube.ide.mcu.externaltools.gnu-tools-for-stm32.9-2020-q2-update.win32_2.0.0.202105311346/tools/bin/../lib/gcc/arm-none-eabi/9.3.1/thumb/v7e-m+fp/hard\libgcc.a(_arm_addsubdf3.o)
 .ARM.attributes
                0x000000000000049d       0x1e c:/st/stm32cubeide_1.8.0/stm32cubeide/plugins/com.st.stm32cube.ide.mcu.externaltools.gnu-tools-for-stm32.9-2020-q2-update.win32_2.0.0.202105311346/tools/bin/../lib/gcc/arm-none-eabi/9.3.1/thumb/v7e-m+fp/hard\libgcc.a(_arm_muldivdf3.o)
 .ARM.attributes
                0x00000000000004bb       0x1e c:/st/stm32cubeide_1.8.0/stm32cubeide/plugins/com.st.stm32cube.ide.mcu.externaltools.gnu-tools-for-stm32.9-2020-q2-update.win32_2.0.0.202105311346/tools/bin/../lib/gcc/arm-none-eabi/9.3.1/thumb/v7e-m+fp/hard\libgcc.a(_arm_cmpdf2.o)
 .ARM.attributes
                0x00000000000004d9       0x1e c:/st/stm32cubeide_1.8.0/stm32cubeide/plugins/com.st.stm32cube.ide.mcu.externaltools.gnu-tools-for-stm32.9-2020-q2-update.win32_2.0.0.202105311346/tools/bin/../lib/gcc/arm-none-eabi/9.3.1/thumb/v7e-m+fp/hard\libgcc.a(_arm_unorddf2.o)
 .ARM.attributes
                0x00000000000004f7       0x1e c:/st/stm32cubeide_1.8.0/stm32cubeide/plugins/com.st.stm32cube.ide.mcu.externaltools.gnu-tools-for-stm32.9-2020-q2-update.win32_2.0.0.202105311346/tools/bin/../lib/gcc/arm-none-eabi/9.3.1/thumb/v7e-m+fp/hard\libgcc.a(_arm_fixdfsi.o)
 .ARM.attributes
                0x0000000000000515       0x1e c:/st/stm32cubeide_1.8.0/stm32cubeide/plugins/com.st.stm32cube.ide.mcu.externaltools.gnu-tools-for-stm32.9-2020-q2-update.win32_2.0.0.202105311346/tools/bin/../lib/gcc/arm-none-eabi/9.3.1/thumb/v7e-m+fp/hard\libgcc.a(_arm_fixunsdfsi.o)
 .ARM.attributes
                0x0000000000000533       0x1e c:/st/stm32cubeide_1.8.0/stm32cubeide/plugins/com.st.stm32cube.ide.mcu.externaltools.gnu-tools-for-stm32.9-2020-q2-update.win32_2.0.0.202105311346/tools/bin/../lib/gcc/arm-none-eabi/9.3.1/thumb/v7e-m+fp/hard\libgcc.a(_aeabi_uldivmod.o)
 .ARM.attributes
                0x0000000000000551       0x34 c:/st/stm32cubeide_1.8.0/stm32cubeide/plugins/com.st.stm32cube.ide.mcu.externaltools.gnu-tools-for-stm32.9-2020-q2-update.win32_2.0.0.202105311346/tools/bin/../lib/gcc/arm-none-eabi/9.3.1/thumb/v7e-m+fp/hard\libgcc.a(_udivmoddi4.o)
 .ARM.attributes
                0x0000000000000585       0x1e c:/st/stm32cubeide_1.8.0/stm32cubeide/plugins/com.st.stm32cube.ide.mcu.externaltools.gnu-tools-for-stm32.9-2020-q2-update.win32_2.0.0.202105311346/tools/bin/../lib/gcc/arm-none-eabi/9.3.1/thumb/v7e-m+fp/hard\libgcc.a(_dvmd_tls.o)
 .ARM.attributes
                0x00000000000005a3       0x1e c:/st/stm32cubeide_1.8.0/stm32cubeide/plugins/com.st.stm32cube.ide.mcu.externaltools.gnu-tools-for-stm32.9-2020-q2-update.win32_2.0.0.202105311346/tools/bin/../lib/gcc/arm-none-eabi/9.3.1/thumb/v7e-m+fp/hard/crtn.o
OUTPUT(TmpSPICmsis.elf elf32-littlearm)
LOAD linker stubs
LOAD c:/st/stm32cubeide_1.8.0/stm32cubeide/plugins/com.st.stm32cube.ide.mcu.externaltools.gnu-tools-for-stm32.9-2020-q2-update.win32_2.0.0.202105311346/tools/bin/../lib/gcc/arm-none-eabi/9.3.1/../../../../arm-none-eabi/lib/thumb/v7e-m+fp/hard\libc.a
LOAD c:/st/stm32cubeide_1.8.0/stm32cubeide/plugins/com.st.stm32cube.ide.mcu.externaltools.gnu-tools-for-stm32.9-2020-q2-update.win32_2.0.0.202105311346/tools/bin/../lib/gcc/arm-none-eabi/9.3.1/../../../../arm-none-eabi/lib/thumb/v7e-m+fp/hard\libm.a
LOAD c:/st/stm32cubeide_1.8.0/stm32cubeide/plugins/com.st.stm32cube.ide.mcu.externaltools.gnu-tools-for-stm32.9-2020-q2-update.win32_2.0.0.202105311346/tools/bin/../lib/gcc/arm-none-eabi/9.3.1/thumb/v7e-m+fp/hard\libgcc.a

.debug_info     0x0000000000000000     0x9a2f
 .debug_info    0x0000000000000000      0xad3 ./Drivers/STM32F4xx_HAL_Driver/Src/stm32f4xx_hal.o
 .debug_info    0x0000000000000ad3     0x1176 ./Drivers/STM32F4xx_HAL_Driver/Src/stm32f4xx_hal_cortex.o
 .debug_info    0x0000000000001c49      0x8af ./Drivers/STM32F4xx_HAL_Driver/Src/stm32f4xx_hal_pwr_ex.o
 .debug_info    0x00000000000024f8      0xba6 ./Drivers/STM32F4xx_HAL_Driver/Src/stm32f4xx_hal_rcc.o
 .debug_info    0x000000000000309e      0xd76 ./Drivers/STM32F4xx_HAL_Driver/Src/stm32f4xx_hal_rcc_ex.o
 .debug_info    0x0000000000003e14      0x543 ./Src/ADC_Function.o
 .debug_info    0x0000000000004357      0xd12 ./Src/TSP_DTS054-100P.o
 .debug_info    0x0000000000005069      0xe1b ./Src/ThermocoupleTypeK.o
 .debug_info    0x0000000000005e84      0x8d1 ./Src/Timer_Function.o
 .debug_info    0x0000000000006755      0x721 ./Src/ds18b20.o
 .debug_info    0x0000000000006e76     0x1e2c ./Src/main.o
 .debug_info    0x0000000000008ca2      0x512 ./Src/stm32f4xx_hal_msp.o
 .debug_info    0x00000000000091b4      0x264 ./Src/stm32f4xx_it.o
 .debug_info    0x0000000000009418      0x5f5 ./Src/system_stm32f4xx.o
 .debug_info    0x0000000000009a0d       0x22 ./startup/startup_stm32f446xx.o

.debug_abbrev   0x0000000000000000     0x1deb
 .debug_abbrev  0x0000000000000000      0x21c ./Drivers/STM32F4xx_HAL_Driver/Src/stm32f4xx_hal.o
 .debug_abbrev  0x000000000000021c      0x393 ./Drivers/STM32F4xx_HAL_Driver/Src/stm32f4xx_hal_cortex.o
 .debug_abbrev  0x00000000000005af      0x1e9 ./Drivers/STM32F4xx_HAL_Driver/Src/stm32f4xx_hal_pwr_ex.o
 .debug_abbrev  0x0000000000000798      0x2b1 ./Drivers/STM32F4xx_HAL_Driver/Src/stm32f4xx_hal_rcc.o
 .debug_abbrev  0x0000000000000a49      0x24c ./Drivers/STM32F4xx_HAL_Driver/Src/stm32f4xx_hal_rcc_ex.o
 .debug_abbrev  0x0000000000000c95      0x15b ./Src/ADC_Function.o
 .debug_abbrev  0x0000000000000df0      0x28b ./Src/TSP_DTS054-100P.o
 .debug_abbrev  0x000000000000107b      0x269 ./Src/ThermocoupleTypeK.o
 .debug_abbrev  0x00000000000012e4      0x17f ./Src/Timer_Function.o
 .debug_abbrev  0x0000000000001463      0x224 ./Src/ds18b20.o
 .debug_abbrev  0x0000000000001687      0x408 ./Src/main.o
 .debug_abbrev  0x0000000000001a8f       0xfa ./Src/stm32f4xx_hal_msp.o
 .debug_abbrev  0x0000000000001b89      0x105 ./Src/stm32f4xx_it.o
 .debug_abbrev  0x0000000000001c8e      0x14b ./Src/system_stm32f4xx.o
 .debug_abbrev  0x0000000000001dd9       0x12 ./startup/startup_stm32f446xx.o

.debug_loc      0x0000000000000000     0x2b56
 .debug_loc     0x0000000000000000      0x141 ./Drivers/STM32F4xx_HAL_Driver/Src/stm32f4xx_hal.o
 .debug_loc     0x0000000000000141      0x744 ./Drivers/STM32F4xx_HAL_Driver/Src/stm32f4xx_hal_cortex.o
 .debug_loc     0x0000000000000885      0x228 ./Drivers/STM32F4xx_HAL_Driver/Src/stm32f4xx_hal_pwr_ex.o
 .debug_loc     0x0000000000000aad      0x56f ./Drivers/STM32F4xx_HAL_Driver/Src/stm32f4xx_hal_rcc.o
 .debug_loc     0x000000000000101c      0xeab ./Drivers/STM32F4xx_HAL_Driver/Src/stm32f4xx_hal_rcc_ex.o
 .debug_loc     0x0000000000001ec7       0x15 ./Src/ADC_Function.o
 .debug_loc     0x0000000000001edc      0x21b ./Src/TSP_DTS054-100P.o
 .debug_loc     0x00000000000020f7      0x159 ./Src/ThermocoupleTypeK.o
 .debug_loc     0x0000000000002250       0x2c ./Src/Timer_Function.o
 .debug_loc     0x000000000000227c      0x367 ./Src/ds18b20.o
 .debug_loc     0x00000000000025e3      0x407 ./Src/main.o
 .debug_loc     0x00000000000029ea      0x16c ./Src/system_stm32f4xx.o

.debug_aranges  0x0000000000000000      0x558
 .debug_aranges
                0x0000000000000000       0xf0 ./Drivers/STM32F4xx_HAL_Driver/Src/stm32f4xx_hal.o
 .debug_aranges
                0x00000000000000f0       0xa8 ./Drivers/STM32F4xx_HAL_Driver/Src/stm32f4xx_hal_cortex.o
 .debug_aranges
                0x0000000000000198       0x60 ./Drivers/STM32F4xx_HAL_Driver/Src/stm32f4xx_hal_pwr_ex.o
 .debug_aranges
                0x00000000000001f8       0x88 ./Drivers/STM32F4xx_HAL_Driver/Src/stm32f4xx_hal_rcc.o
 .debug_aranges
                0x0000000000000280       0x78 ./Drivers/STM32F4xx_HAL_Driver/Src/stm32f4xx_hal_rcc_ex.o
 .debug_aranges
                0x00000000000002f8       0x30 ./Src/ADC_Function.o
 .debug_aranges
                0x0000000000000328       0x28 ./Src/TSP_DTS054-100P.o
 .debug_aranges
                0x0000000000000350       0x20 ./Src/ThermocoupleTypeK.o
 .debug_aranges
                0x0000000000000370       0x28 ./Src/Timer_Function.o
 .debug_aranges
                0x0000000000000398       0x68 ./Src/ds18b20.o
 .debug_aranges
                0x0000000000000400       0x80 ./Src/main.o
 .debug_aranges
                0x0000000000000480       0x20 ./Src/stm32f4xx_hal_msp.o
 .debug_aranges
                0x00000000000004a0       0x68 ./Src/stm32f4xx_it.o
 .debug_aranges
                0x0000000000000508       0x28 ./Src/system_stm32f4xx.o
 .debug_aranges
                0x0000000000000530       0x28 ./startup/startup_stm32f446xx.o

.debug_ranges   0x0000000000000000      0x530
 .debug_ranges  0x0000000000000000       0xe0 ./Drivers/STM32F4xx_HAL_Driver/Src/stm32f4xx_hal.o
 .debug_ranges  0x00000000000000e0       0xf8 ./Drivers/STM32F4xx_HAL_Driver/Src/stm32f4xx_hal_cortex.o
 .debug_ranges  0x00000000000001d8       0x50 ./Drivers/STM32F4xx_HAL_Driver/Src/stm32f4xx_hal_pwr_ex.o
 .debug_ranges  0x0000000000000228       0x90 ./Drivers/STM32F4xx_HAL_Driver/Src/stm32f4xx_hal_rcc.o
 .debug_ranges  0x00000000000002b8       0x80 ./Drivers/STM32F4xx_HAL_Driver/Src/stm32f4xx_hal_rcc_ex.o
 .debug_ranges  0x0000000000000338       0x20 ./Src/ADC_Function.o
 .debug_ranges  0x0000000000000358       0x30 ./Src/TSP_DTS054-100P.o
 .debug_ranges  0x0000000000000388       0x10 ./Src/ThermocoupleTypeK.o
 .debug_ranges  0x0000000000000398       0x18 ./Src/Timer_Function.o
 .debug_ranges  0x00000000000003b0       0x70 ./Src/ds18b20.o
 .debug_ranges  0x0000000000000420       0x70 ./Src/main.o
 .debug_ranges  0x0000000000000490       0x10 ./Src/stm32f4xx_hal_msp.o
 .debug_ranges  0x00000000000004a0       0x58 ./Src/stm32f4xx_it.o
 .debug_ranges  0x00000000000004f8       0x18 ./Src/system_stm32f4xx.o
 .debug_ranges  0x0000000000000510       0x20 ./startup/startup_stm32f446xx.o

.debug_macro    0x0000000000000000    0x20df4
 .debug_macro   0x0000000000000000      0x215 ./Drivers/STM32F4xx_HAL_Driver/Src/stm32f4xx_hal.o
 .debug_macro   0x0000000000000215      0xaae ./Drivers/STM32F4xx_HAL_Driver/Src/stm32f4xx_hal.o
 .debug_macro   0x0000000000000cc3       0x10 ./Drivers/STM32F4xx_HAL_Driver/Src/stm32f4xx_hal.o
 .debug_macro   0x0000000000000cd3      0x174 ./Drivers/STM32F4xx_HAL_Driver/Src/stm32f4xx_hal.o
 .debug_macro   0x0000000000000e47       0x2e ./Drivers/STM32F4xx_HAL_Driver/Src/stm32f4xx_hal.o
 .debug_macro   0x0000000000000e75       0x28 ./Drivers/STM32F4xx_HAL_Driver/Src/stm32f4xx_hal.o
 .debug_macro   0x0000000000000e9d       0x22 ./Drivers/STM32F4xx_HAL_Driver/Src/stm32f4xx_hal.o
 .debug_macro   0x0000000000000ebf       0x8e ./Drivers/STM32F4xx_HAL_Driver/Src/stm32f4xx_hal.o
 .debug_macro   0x0000000000000f4d       0x51 ./Drivers/STM32F4xx_HAL_Driver/Src/stm32f4xx_hal.o
 .debug_macro   0x0000000000000f9e      0x103 ./Drivers/STM32F4xx_HAL_Driver/Src/stm32f4xx_hal.o
 .debug_macro   0x00000000000010a1       0x6a ./Drivers/STM32F4xx_HAL_Driver/Src/stm32f4xx_hal.o
 .debug_macro   0x000000000000110b      0x1df ./Drivers/STM32F4xx_HAL_Driver/Src/stm32f4xx_hal.o
 .debug_macro   0x00000000000012ea       0x1c ./Drivers/STM32F4xx_HAL_Driver/Src/stm32f4xx_hal.o
 .debug_macro   0x0000000000001306       0x22 ./Drivers/STM32F4xx_HAL_Driver/Src/stm32f4xx_hal.o
 .debug_macro   0x0000000000001328       0xdf ./Drivers/STM32F4xx_HAL_Driver/Src/stm32f4xx_hal.o
 .debug_macro   0x0000000000001407     0x102d ./Drivers/STM32F4xx_HAL_Driver/Src/stm32f4xx_hal.o
 .debug_macro   0x0000000000002434      0x11f ./Drivers/STM32F4xx_HAL_Driver/Src/stm32f4xx_hal.o
 .debug_macro   0x0000000000002553    0x1672d ./Drivers/STM32F4xx_HAL_Driver/Src/stm32f4xx_hal.o
 .debug_macro   0x0000000000018c80       0x43 ./Drivers/STM32F4xx_HAL_Driver/Src/stm32f4xx_hal.o
 .debug_macro   0x0000000000018cc3     0x3659 ./Drivers/STM32F4xx_HAL_Driver/Src/stm32f4xx_hal.o
 .debug_macro   0x000000000001c31c      0x174 ./Drivers/STM32F4xx_HAL_Driver/Src/stm32f4xx_hal.o
 .debug_macro   0x000000000001c490       0x50 ./Drivers/STM32F4xx_HAL_Driver/Src/stm32f4xx_hal.o
 .debug_macro   0x000000000001c4e0      0xc90 ./Drivers/STM32F4xx_HAL_Driver/Src/stm32f4xx_hal.o
 .debug_macro   0x000000000001d170      0x9fe ./Drivers/STM32F4xx_HAL_Driver/Src/stm32f4xx_hal.o
 .debug_macro   0x000000000001db6e      0x117 ./Drivers/STM32F4xx_HAL_Driver/Src/stm32f4xx_hal.o
 .debug_macro   0x000000000001dc85      0x1a0 ./Drivers/STM32F4xx_HAL_Driver/Src/stm32f4xx_hal.o
 .debug_macro   0x000000000001de25       0x82 ./Drivers/STM32F4xx_HAL_Driver/Src/stm32f4xx_hal.o
 .debug_macro   0x000000000001dea7      0x287 ./Drivers/STM32F4xx_HAL_Driver/Src/stm32f4xx_hal.o
 .debug_macro   0x000000000001e12e       0x5f ./Drivers/STM32F4xx_HAL_Driver/Src/stm32f4xx_hal.o
 .debug_macro   0x000000000001e18d      0x236 ./Drivers/STM32F4xx_HAL_Driver/Src/stm32f4xx_hal.o
 .debug_macro   0x000000000001e3c3      0x132 ./Drivers/STM32F4xx_HAL_Driver/Src/stm32f4xx_hal.o
 .debug_macro   0x000000000001e4f5      0x29c ./Drivers/STM32F4xx_HAL_Driver/Src/stm32f4xx_hal.o
 .debug_macro   0x000000000001e791       0x2e ./Drivers/STM32F4xx_HAL_Driver/Src/stm32f4xx_hal.o
 .debug_macro   0x000000000001e7bf      0x11a ./Drivers/STM32F4xx_HAL_Driver/Src/stm32f4xx_hal.o
 .debug_macro   0x000000000001e8d9       0xe8 ./Drivers/STM32F4xx_HAL_Driver/Src/stm32f4xx_hal.o
 .debug_macro   0x000000000001e9c1       0x89 ./Drivers/STM32F4xx_HAL_Driver/Src/stm32f4xx_hal.o
 .debug_macro   0x000000000001ea4a      0x126 ./Drivers/STM32F4xx_HAL_Driver/Src/stm32f4xx_hal.o
 .debug_macro   0x000000000001eb70      0x1b5 ./Drivers/STM32F4xx_HAL_Driver/Src/stm32f4xx_hal_cortex.o
 .debug_macro   0x000000000001ed25      0x1cd ./Drivers/STM32F4xx_HAL_Driver/Src/stm32f4xx_hal_pwr_ex.o
 .debug_macro   0x000000000001eef2      0x1d9 ./Drivers/STM32F4xx_HAL_Driver/Src/stm32f4xx_hal_rcc.o
 .debug_macro   0x000000000001f0cb      0x1b5 ./Drivers/STM32F4xx_HAL_Driver/Src/stm32f4xx_hal_rcc_ex.o
 .debug_macro   0x000000000001f280      0x1bf ./Src/ADC_Function.o
 .debug_macro   0x000000000001f43f      0x274 ./Src/TSP_DTS054-100P.o
 .debug_macro   0x000000000001f6b3       0x52 ./Src/TSP_DTS054-100P.o
 .debug_macro   0x000000000001f705       0x18 ./Src/TSP_DTS054-100P.o
 .debug_macro   0x000000000001f71d       0x3c ./Src/TSP_DTS054-100P.o
 .debug_macro   0x000000000001f759       0x34 ./Src/TSP_DTS054-100P.o
 .debug_macro   0x000000000001f78d       0x16 ./Src/TSP_DTS054-100P.o
 .debug_macro   0x000000000001f7a3       0x43 ./Src/TSP_DTS054-100P.o
 .debug_macro   0x000000000001f7e6       0x34 ./Src/TSP_DTS054-100P.o
 .debug_macro   0x000000000001f81a       0x10 ./Src/TSP_DTS054-100P.o
 .debug_macro   0x000000000001f82a       0x58 ./Src/TSP_DTS054-100P.o
 .debug_macro   0x000000000001f882       0x71 ./Src/TSP_DTS054-100P.o
 .debug_macro   0x000000000001f8f3       0x1c ./Src/TSP_DTS054-100P.o
 .debug_macro   0x000000000001f90f      0x12a ./Src/TSP_DTS054-100P.o
 .debug_macro   0x000000000001fa39      0x333 ./Src/TSP_DTS054-100P.o
 .debug_macro   0x000000000001fd6c      0x1a9 ./Src/TSP_DTS054-100P.o
 .debug_macro   0x000000000001ff15      0x27d ./Src/ThermocoupleTypeK.o
 .debug_macro   0x0000000000020192       0x2e ./Src/ThermocoupleTypeK.o
 .debug_macro   0x00000000000201c0      0x1c2 ./Src/Timer_Function.o
 .debug_macro   0x0000000000020382       0x16 ./Src/Timer_Function.o
 .debug_macro   0x0000000000020398      0x1be ./Src/ds18b20.o
 .debug_macro   0x0000000000020556      0x2ad ./Src/main.o
 .debug_macro   0x0000000000020803       0x16 ./Src/main.o
 .debug_macro   0x0000000000020819       0xb2 ./Src/main.o
 .debug_macro   0x00000000000208cb      0x1b5 ./Src/stm32f4xx_hal_msp.o
 .debug_macro   0x0000000000020a80      0x1bf ./Src/stm32f4xx_it.o
 .debug_macro   0x0000000000020c3f      0x1b5 ./Src/system_stm32f4xx.o

.debug_line     0x0000000000000000     0x974d
 .debug_line    0x0000000000000000      0x9c8 ./Drivers/STM32F4xx_HAL_Driver/Src/stm32f4xx_hal.o
 .debug_line    0x00000000000009c8      0xc0d ./Drivers/STM32F4xx_HAL_Driver/Src/stm32f4xx_hal_cortex.o
 .debug_line    0x00000000000015d5      0x945 ./Drivers/STM32F4xx_HAL_Driver/Src/stm32f4xx_hal_pwr_ex.o
 .debug_line    0x0000000000001f1a      0xf6d ./Drivers/STM32F4xx_HAL_Driver/Src/stm32f4xx_hal_rcc.o
 .debug_line    0x0000000000002e87     0x17f6 ./Drivers/STM32F4xx_HAL_Driver/Src/stm32f4xx_hal_rcc_ex.o
 .debug_line    0x000000000000467d      0x716 ./Src/ADC_Function.o
 .debug_line    0x0000000000004d93      0x8ce ./Src/TSP_DTS054-100P.o
 .debug_line    0x0000000000005661      0xa3d ./Src/ThermocoupleTypeK.o
 .debug_line    0x000000000000609e      0x720 ./Src/Timer_Function.o
 .debug_line    0x00000000000067be      0xa71 ./Src/ds18b20.o
 .debug_line    0x000000000000722f      0xfb9 ./Src/main.o
 .debug_line    0x00000000000081e8      0x664 ./Src/stm32f4xx_hal_msp.o
 .debug_line    0x000000000000884c      0x75c ./Src/stm32f4xx_it.o
 .debug_line    0x0000000000008fa8      0x724 ./Src/system_stm32f4xx.o
 .debug_line    0x00000000000096cc       0x81 ./startup/startup_stm32f446xx.o

.debug_str      0x0000000000000000    0xc47d8
 .debug_str     0x0000000000000000    0xbf706 ./Drivers/STM32F4xx_HAL_Driver/Src/stm32f4xx_hal.o
                                      0xbfaaa (size before relaxing)
 .debug_str     0x00000000000bf706      0x3b2 ./Drivers/STM32F4xx_HAL_Driver/Src/stm32f4xx_hal_cortex.o
                                      0xbf82f (size before relaxing)
 .debug_str     0x00000000000bfab8      0x148 ./Drivers/STM32F4xx_HAL_Driver/Src/stm32f4xx_hal_pwr_ex.o
                                      0xbf146 (size before relaxing)
 .debug_str     0x00000000000bfc00      0x3f9 ./Drivers/STM32F4xx_HAL_Driver/Src/stm32f4xx_hal_rcc.o
                                      0xbf370 (size before relaxing)
 .debug_str     0x00000000000bfff9      0x31c ./Drivers/STM32F4xx_HAL_Driver/Src/stm32f4xx_hal_rcc_ex.o
                                      0xbf3bf (size before relaxing)
 .debug_str     0x00000000000c0315       0xa2 ./Src/ADC_Function.o
                                      0xbef5f (size before relaxing)
 .debug_str     0x00000000000c03b7     0x3a08 ./Src/TSP_DTS054-100P.o
                                      0xc28d5 (size before relaxing)
 .debug_str     0x00000000000c3dbf      0x1aa ./Src/ThermocoupleTypeK.o
                                      0xc29b9 (size before relaxing)
 .debug_str     0x00000000000c3f69       0xa5 ./Src/Timer_Function.o
                                      0xbf4f1 (size before relaxing)
 .debug_str     0x00000000000c400e       0xaf ./Src/ds18b20.o
                                      0xbef28 (size before relaxing)
 .debug_str     0x00000000000c40bd      0x5c5 ./Src/main.o
                                      0xc38c5 (size before relaxing)
 .debug_str     0x00000000000c4682       0x1b ./Src/stm32f4xx_hal_msp.o
                                      0xbf30d (size before relaxing)
 .debug_str     0x00000000000c469d       0xc7 ./Src/stm32f4xx_it.o
                                      0xbee5c (size before relaxing)
 .debug_str     0x00000000000c4764       0x45 ./Src/system_stm32f4xx.o
                                      0xbef3d (size before relaxing)
 .debug_str     0x00000000000c47a9       0x2f ./startup/startup_stm32f446xx.o
                                         0x53 (size before relaxing)

.comment        0x0000000000000000       0x53
 .comment       0x0000000000000000       0x53 ./Drivers/STM32F4xx_HAL_Driver/Src/stm32f4xx_hal.o
                                         0x54 (size before relaxing)
 .comment       0x0000000000000053       0x54 ./Drivers/STM32F4xx_HAL_Driver/Src/stm32f4xx_hal_cortex.o
 .comment       0x0000000000000053       0x54 ./Drivers/STM32F4xx_HAL_Driver/Src/stm32f4xx_hal_pwr_ex.o
 .comment       0x0000000000000053       0x54 ./Drivers/STM32F4xx_HAL_Driver/Src/stm32f4xx_hal_rcc.o
 .comment       0x0000000000000053       0x54 ./Drivers/STM32F4xx_HAL_Driver/Src/stm32f4xx_hal_rcc_ex.o
 .comment       0x0000000000000053       0x54 ./Src/ADC_Function.o
 .comment       0x0000000000000053       0x54 ./Src/TSP_DTS054-100P.o
 .comment       0x0000000000000053       0x54 ./Src/ThermocoupleTypeK.o
 .comment       0x0000000000000053       0x54 ./Src/Timer_Function.o
 .comment       0x0000000000000053       0x54 ./Src/ds18b20.o
 .comment       0x0000000000000053       0x54 ./Src/main.o
 .comment       0x0000000000000053       0x54 ./Src/stm32f4xx_hal_msp.o
 .comment       0x0000000000000053       0x54 ./Src/stm32f4xx_it.o
 .comment       0x0000000000000053       0x54 ./Src/system_stm32f4xx.o

.debug_frame    0x0000000000000000      0xe84
 .debug_frame   0x0000000000000000      0x1ec ./Drivers/STM32F4xx_HAL_Driver/Src/stm32f4xx_hal.o
 .debug_frame   0x00000000000001ec      0x15c ./Drivers/STM32F4xx_HAL_Driver/Src/stm32f4xx_hal_cortex.o
 .debug_frame   0x0000000000000348       0xf4 ./Drivers/STM32F4xx_HAL_Driver/Src/stm32f4xx_hal_pwr_ex.o
 .debug_frame   0x000000000000043c      0x174 ./Drivers/STM32F4xx_HAL_Driver/Src/stm32f4xx_hal_rcc.o
 .debug_frame   0x00000000000005b0      0x154 ./Drivers/STM32F4xx_HAL_Driver/Src/stm32f4xx_hal_rcc_ex.o
 .debug_frame   0x0000000000000704       0x40 ./Src/ADC_Function.o
 .debug_frame   0x0000000000000744       0x4c ./Src/TSP_DTS054-100P.o
 .debug_frame   0x0000000000000790       0x34 ./Src/ThermocoupleTypeK.o
 .debug_frame   0x00000000000007c4       0x30 ./Src/Timer_Function.o
 .debug_frame   0x00000000000007f4       0xf0 ./Src/ds18b20.o
 .debug_frame   0x00000000000008e4      0x150 ./Src/main.o
 .debug_frame   0x0000000000000a34       0x28 ./Src/stm32f4xx_hal_msp.o
 .debug_frame   0x0000000000000a5c       0xb8 ./Src/stm32f4xx_it.o
 .debug_frame   0x0000000000000b14       0x30 ./Src/system_stm32f4xx.o
 .debug_frame   0x0000000000000b44       0x2c c:/st/stm32cubeide_1.8.0/stm32cubeide/plugins/com.st.stm32cube.ide.mcu.externaltools.gnu-tools-for-stm32.9-2020-q2-update.win32_2.0.0.202105311346/tools/bin/../lib/gcc/arm-none-eabi/9.3.1/../../../../arm-none-eabi/lib/thumb/v7e-m+fp/hard\libc_nano.a(lib_a-init.o)
 .debug_frame   0x0000000000000b70       0x3c c:/st/stm32cubeide_1.8.0/stm32cubeide/plugins/com.st.stm32cube.ide.mcu.externaltools.gnu-tools-for-stm32.9-2020-q2-update.win32_2.0.0.202105311346/tools/bin/../lib/gcc/arm-none-eabi/9.3.1/../../../../arm-none-eabi/lib/thumb/v7e-m+fp/hard\libm.a(lib_a-w_sqrt.o)
 .debug_frame   0x0000000000000bac       0x30 c:/st/stm32cubeide_1.8.0/stm32cubeide/plugins/com.st.stm32cube.ide.mcu.externaltools.gnu-tools-for-stm32.9-2020-q2-update.win32_2.0.0.202105311346/tools/bin/../lib/gcc/arm-none-eabi/9.3.1/../../../../arm-none-eabi/lib/thumb/v7e-m+fp/hard\libm.a(lib_a-e_sqrt.o)
 .debug_frame   0x0000000000000bdc       0x20 c:/st/stm32cubeide_1.8.0/stm32cubeide/plugins/com.st.stm32cube.ide.mcu.externaltools.gnu-tools-for-stm32.9-2020-q2-update.win32_2.0.0.202105311346/tools/bin/../lib/gcc/arm-none-eabi/9.3.1/../../../../arm-none-eabi/lib/thumb/v7e-m+fp/hard\libc_nano.a(lib_a-errno.o)
 .debug_frame   0x0000000000000bfc       0xac c:/st/stm32cubeide_1.8.0/stm32cubeide/plugins/com.st.stm32cube.ide.mcu.externaltools.gnu-tools-for-stm32.9-2020-q2-update.win32_2.0.0.202105311346/tools/bin/../lib/gcc/arm-none-eabi/9.3.1/thumb/v7e-m+fp/hard\libgcc.a(_arm_addsubdf3.o)
 .debug_frame   0x0000000000000ca8       0x50 c:/st/stm32cubeide_1.8.0/stm32cubeide/plugins/com.st.stm32cube.ide.mcu.externaltools.gnu-tools-for-stm32.9-2020-q2-update.win32_2.0.0.202105311346/tools/bin/../lib/gcc/arm-none-eabi/9.3.1/thumb/v7e-m+fp/hard\libgcc.a(_arm_muldivdf3.o)
 .debug_frame   0x0000000000000cf8       0xc4 c:/st/stm32cubeide_1.8.0/stm32cubeide/plugins/com.st.stm32cube.ide.mcu.externaltools.gnu-tools-for-stm32.9-2020-q2-update.win32_2.0.0.202105311346/tools/bin/../lib/gcc/arm-none-eabi/9.3.1/thumb/v7e-m+fp/hard\libgcc.a(_arm_cmpdf2.o)
 .debug_frame   0x0000000000000dbc       0x20 c:/st/stm32cubeide_1.8.0/stm32cubeide/plugins/com.st.stm32cube.ide.mcu.externaltools.gnu-tools-for-stm32.9-2020-q2-update.win32_2.0.0.202105311346/tools/bin/../lib/gcc/arm-none-eabi/9.3.1/thumb/v7e-m+fp/hard\libgcc.a(_arm_unorddf2.o)
 .debug_frame   0x0000000000000ddc       0x24 c:/st/stm32cubeide_1.8.0/stm32cubeide/plugins/com.st.stm32cube.ide.mcu.externaltools.gnu-tools-for-stm32.9-2020-q2-update.win32_2.0.0.202105311346/tools/bin/../lib/gcc/arm-none-eabi/9.3.1/thumb/v7e-m+fp/hard\libgcc.a(_arm_fixdfsi.o)
 .debug_frame   0x0000000000000e00       0x24 c:/st/stm32cubeide_1.8.0/stm32cubeide/plugins/com.st.stm32cube.ide.mcu.externaltools.gnu-tools-for-stm32.9-2020-q2-update.win32_2.0.0.202105311346/tools/bin/../lib/gcc/arm-none-eabi/9.3.1/thumb/v7e-m+fp/hard\libgcc.a(_arm_fixunsdfsi.o)
 .debug_frame   0x0000000000000e24       0x2c c:/st/stm32cubeide_1.8.0/stm32cubeide/plugins/com.st.stm32cube.ide.mcu.externaltools.gnu-tools-for-stm32.9-2020-q2-update.win32_2.0.0.202105311346/tools/bin/../lib/gcc/arm-none-eabi/9.3.1/thumb/v7e-m+fp/hard\libgcc.a(_aeabi_uldivmod.o)
 .debug_frame   0x0000000000000e50       0x34 c:/st/stm32cubeide_1.8.0/stm32cubeide/plugins/com.st.stm32cube.ide.mcu.externaltools.gnu-tools-for-stm32.9-2020-q2-update.win32_2.0.0.202105311346/tools/bin/../lib/gcc/arm-none-eabi/9.3.1/thumb/v7e-m+fp/hard\libgcc.a(_udivmoddi4.o)
